// Jest Snapshot v1, https://goo.gl/fbAQLP

exports[`should render Grade 1`] = `
<ul
  className="sc-htpNat hHKzqV"
>
  <li
    onClick={[Function]}
  >
    <div
      className="sc-bwzfXH cRQsEN sc-bdVaJa jmjnGv"
    >
      <input
        autoComplete="off"
        name={1}
        type="hidden"
        value={1}
      />
      <div>
        <span>
          1
        </span>
      </div>
    </div>
  </li>
  <li
    onClick={[Function]}
  >
    <div
      className="sc-bwzfXH cRQsEN sc-bdVaJa jmjnGv"
    >
      <input
        autoComplete="off"
        name={2}
        type="hidden"
        value={2}
      />
      <div>
        <span>
          2
        </span>
      </div>
    </div>
  </li>
  <li
    onClick={[Function]}
  >
    <div
      className="sc-bwzfXH cRQsEN sc-bdVaJa jmjnGv"
    >
      <input
        autoComplete="off"
        name={3}
        type="hidden"
        value={3}
      />
      <div>
        <span>
          3
        </span>
      </div>
    </div>
  </li>
  <li
    onClick={[Function]}
  >
    <div
      className="sc-bwzfXH cRQsEN sc-bdVaJa jmjnGv"
    >
      <input
        autoComplete="off"
        name={4}
        type="hidden"
        value={4}
      />
      <div>
        <span>
          4
        </span>
      </div>
    </div>
  </li>
  <li
    onClick={[Function]}
  >
    <div
      className="sc-bwzfXH cRQsEN sc-bdVaJa jmjnGv"
    >
      <input
        autoComplete="off"
        name={5}
        type="hidden"
        value={5}
      />
      <div>
        <span>
          5
        </span>
      </div>
    </div>
  </li>
  <li
    onClick={[Function]}
  >
    <div
      className="sc-bwzfXH cRQsEN sc-bdVaJa jmjnGv"
    >
      <input
        autoComplete="off"
        name={6}
        type="hidden"
        value={6}
      />
      <div>
        <span>
          6
        </span>
      </div>
    </div>
  </li>
  <li
    onClick={[Function]}
  >
    <div
      className="sc-bwzfXH cRQsEN sc-bdVaJa jmjnGv"
    >
      <input
        autoComplete="off"
        name={7}
        type="hidden"
        value={7}
      />
      <div>
        <span>
          7
        </span>
      </div>
    </div>
  </li>
  <li
    onClick={[Function]}
  >
    <div
      className="sc-bwzfXH cRQsEN sc-bdVaJa jmjnGv"
    >
      <input
        autoComplete="off"
        name={8}
        type="hidden"
        value={8}
      />
      <div>
        <span>
          8
        </span>
      </div>
    </div>
  </li>
  <li
    onClick={[Function]}
  >
    <div
      className="sc-bwzfXH cRQsEN sc-bdVaJa jmjnGv"
    >
      <input
        autoComplete="off"
        name={9}
        type="hidden"
        value={9}
      />
      <div>
        <span>
          9
        </span>
      </div>
    </div>
  </li>
  <li
    onClick={[Function]}
  >
    <div
      className="sc-bwzfXH cRQsEN sc-bdVaJa jmjnGv"
    >
      <input
        autoComplete="off"
        name={10}
        type="hidden"
        value={10}
      />
      <div>
        <span>
          10
        </span>
      </div>
    </div>
  </li>
</ul>
`;
