// Jest Snapshot v1, https://goo.gl/fbAQLP

exports[`should render Multiple 1`] = `
<ul
  className="sc-htpNat eApmUK"
>
  <li
    onClick={[Function]}
  >
    <div
      className="sc-bwzfXH lipQua sc-bdVaJa jmjnGv"
    >
      <input
        autoComplete="off"
        name="17 eller yngre"
        type="hidden"
        value="1"
      />
      <div>
        <span>
          17 eller yngre
        </span>
      </div>
    </div>
  </li>
  <li
    onClick={[Function]}
  >
    <div
      className="sc-bwzfXH lipQua sc-bdVaJa jmjnGv"
    >
      <input
        autoComplete="off"
        name="18-24"
        type="hidden"
        value="2"
      />
      <div>
        <span>
          18-24
        </span>
      </div>
    </div>
  </li>
  <li
    onClick={[Function]}
  >
    <div
      className="sc-bwzfXH lipQua sc-bdVaJa jmjnGv"
    >
      <input
        autoComplete="off"
        name="25-31"
        type="hidden"
        value="3"
      />
      <div>
        <span>
          25-31
        </span>
      </div>
    </div>
  </li>
  <li
    onClick={[Function]}
  >
    <div
      className="sc-bwzfXH lipQua sc-bdVaJa jmjnGv"
    >
      <input
        autoComplete="off"
        name="32-38"
        type="hidden"
        value="4"
      />
      <div>
        <span>
          32-38
        </span>
      </div>
    </div>
  </li>
</ul>
`;
